======================================================================
  BS8414 FunDiff surrogate — Evaluation (conditional-mean readout)
======================================================================
  Loaded FAE (7,526,401 p) + DiT (8,507,177 p)
  excluded: BS8414_DCLG_Test7 (declares insulation system PF like 33 other decks, but its Phenolic_Foam MATL is inert - HEAT_OF_REACTION absent (0 kJ/kg) with REFERENCE_TEMPERATURE=429 degC - where every other PF deck decomposes at HEAT_OF_REACTION=400 with no explicit reference temperature (cp 1.2 vs 1.5, k 0.020 vs 0.022, rho 32 vs 39). Same defect class as the debug case above: a different system under the same name. Found 2026-08-19 by explain_part1.check_group_determinism, which verifies that an insulation id fixes its material block; this was the only violation in 185 cases)
    loaded 25/184
    loaded 50/184
    loaded 75/184
    loaded 100/184
    loaded 125/184
    loaded 150/184
    loaded 175/184
  184 cases, fields (184, 5, 181, 128, 64) float16 (2.54 GB)
  norm stats fitted on 141 training sims (global mean 109.1 degC, sd 201.6)
  [train] 557 functions (141 sims, 3.30 GB in RAM)
  [valid] 84 functions (20 sims, 0.50 GB in RAM)
  [test] 95 functions (23 sims, 0.56 GB in RAM)

  FAE(recon) — encode GT -> decode  [Stage-1 upper bound]
  Slice                    R2   RMSE(C)   MAE(C)    SSIM
  ------------------------------------------------------
  Main_external        0.8645     92.14    45.94   0.675
  Wing_cavity          0.7403     53.12    11.33   0.873
  Wing_external        0.8165     38.82    12.80   0.804
  Main_cavity          0.8576     95.54    46.59   0.685
  Mid_section          0.8964     65.41    24.25   0.827
  GLOBAL               0.8719     71.35    28.02

  DiT(gen) — sample latent -> decode  [full FunDiff]
  Slice                    R2   RMSE(C)   MAE(C)    SSIM
  ------------------------------------------------------
  Main_external        0.8588     94.06    47.34   0.664
  Wing_cavity          0.7474     52.39    11.92   0.866
  Wing_external        0.7800     42.51    13.61   0.800
  Main_cavity          0.8439    100.03    49.55   0.669
  Mid_section          0.8943     66.08    24.56   0.826
  GLOBAL               0.8646     73.36    29.12

  Metrics -> D:\VS_projects\bs8414_fundiff_kan_surrogate\outputs\evaluation\metrics.json
  Saved 6 pred/true field pairs -> D:\VS_projects\bs8414_fundiff_kan_surrogate\outputs\fields
  Render Smokeview-style output with:  python smokeview_output.py
======================================================================
